Microsoft HTML Help Compiler 4.74.8702

Compiling d:\Working\vietthang\UserGuide\ketoan.chm


Compile time: 0 minutes, 3 seconds
13	Topics
3	Local links
0	Internet links
27	Graphics


Created d:\Working\vietthang\UserGuide\ketoan.chm, 908,020 bytes
Compression decreased file by 398,333 bytes.
Microsoft HTML Help Compiler 4.74.8702

Compiling d:\Working\vietthang\UserGuide\ketoan.chm


Compile time: 0 minutes, 3 seconds
13	Topics
13	Local links
0	Internet links
27	Graphics


Created d:\Working\vietthang\UserGuide\ketoan.chm, 910,961 bytes
Compression decreased file by 397,483 bytes.
Microsoft HTML Help Compiler 4.74.8702

Compiling d:\Working\vietthang\UserGuide\ketoan.chm


Compile time: 0 minutes, 2 seconds
13	Topics
13	Local links
0	Internet links
27	Graphics


Created d:\Working\vietthang\UserGuide\ketoan.chm, 910,961 bytes
Compression decreased file by 397,483 bytes.
Microsoft HTML Help Compiler 4.74.8702

Compiling d:\Working\vietthang\UserGuide\ketoan.chm


Compile time: 0 minutes, 2 seconds
13	Topics
14	Local links
0	Internet links
27	Graphics


Created d:\Working\vietthang\UserGuide\ketoan.chm, 911,235 bytes
Compression decreased file by 399,243 bytes.
